                                 Started job on |	Oct 02 12:27:06
                             Started mapping on |	Oct 02 12:28:01
                                    Finished on |	Oct 02 13:12:47
       Mapping speed, Million of reads per hour |	413.56

                          Number of input reads |	308558834
                      Average input read length |	143
                                    UNIQUE READS:
                   Uniquely mapped reads number |	229102656
                        Uniquely mapped reads % |	74.25%
                          Average mapped length |	141.93
                       Number of splices: Total |	62888787
            Number of splices: Annotated (sjdb) |	57194990
                       Number of splices: GT/AG |	59851103
                       Number of splices: GC/AG |	1266529
                       Number of splices: AT/AC |	60467
               Number of splices: Non-canonical |	1710688
                      Mismatch rate per base, % |	0.50%
                         Deletion rate per base |	0.05%
                        Deletion average length |	2.38
                        Insertion rate per base |	0.03%
                       Insertion average length |	2.52
                             MULTI-MAPPING READS:
        Number of reads mapped to multiple loci |	0
             % of reads mapped to multiple loci |	0.00%
        Number of reads mapped to too many loci |	47552441
             % of reads mapped to too many loci |	15.41%
                                  UNMAPPED READS:
  Number of reads unmapped: too many mismatches |	0
       % of reads unmapped: too many mismatches |	0.00%
            Number of reads unmapped: too short |	25116618
                 % of reads unmapped: too short |	8.14%
                Number of reads unmapped: other |	6787119
                     % of reads unmapped: other |	2.20%
                                  CHIMERIC READS:
                       Number of chimeric reads |	0
                            % of chimeric reads |	0.00%
