2.7.11b
=== STARsolo pool 2 ===
R1:        /rsstu/users/r/rrellan/CERCA-Cold/PTxB73xBRBseq/trimmed/pool_2_R1.fastq.gz  (11G)
R2:        /rsstu/users/r/rrellan/CERCA-Cold/PTxB73xBRBseq/trimmed/pool_2_R2.fastq.gz  (15G)
Whitelist: /rsstu/users/r/rrellan/CERCA-Cold/PTxB73xBRBseq/data/starsolo/barcode_whitelist.txt  (96 barcodes)
Index:     /rsstu/users/r/rrellan/sara/ref/STAR_index
Output:    /rsstu/users/r/rrellan/CERCA-Cold/PTxB73xBRBseq/starsolo/pool_2/

	/usr/local/usrapps/maize/zglover/brbseq_environment/env/bin/STAR-avx2 --runMode alignReads --runThreadN 16 --genomeDir /rsstu/users/r/rrellan/sara/ref/STAR_index --readFilesIn /rsstu/users/r/rrellan/CERCA-Cold/PTxB73xBRBseq/trimmed/pool_2_R2.fastq.gz /rsstu/users/r/rrellan/CERCA-Cold/PTxB73xBRBseq/trimmed/pool_2_R1.fastq.gz --readFilesCommand zcat --soloType CB_UMI_Simple --soloCBwhitelist /rsstu/users/r/rrellan/CERCA-Cold/PTxB73xBRBseq/data/starsolo/barcode_whitelist.txt --soloCBstart 1 --soloCBlen 14 --soloUMIstart 15 --soloUMIlen 14 --soloBarcodeReadLength 0 --soloCBmatchWLtype 1MM --soloUMIdedup 1MM_Directional NoDedup --soloStrand Forward --soloCellFilter None --clipAdapterType CellRanger4 --outFilterMultimapNmax 1 --outFilterIntronMotifs None --outSAMmapqUnique 60 --outSAMunmapped Within --outSAMmultNmax 1 --outSAMtype BAM SortedByCoordinate --outBAMsortingThreadN 1 --outBAMsortingBinsN 4 --outSAMattributes NH HI nM AS CR UR CB UB GX GN sS sQ sM --limitBAMsortRAM 70000000000 --outFileNamePrefix /rsstu/users/r/rrellan/CERCA-Cold/PTxB73xBRBseq/starsolo/pool_2/
	STAR version: 2.7.11b   compiled: 2025-11-14T12:06:42+0000 :/opt/conda/conda-bld/star_1763121846936/work/source
Sep 29 09:29:43 ..... started STAR run
Sep 29 09:29:43 ..... loading genome
Sep 29 09:30:41 ..... started mapping
Sep 29 09:57:14 ..... finished mapping
Sep 29 09:57:15 ..... started Solo counting
Sep 29 10:00:26 ..... finished Solo counting
Sep 29 10:00:26 ..... started sorting BAM
Sep 29 10:21:00 ..... finished successfully

=== pool 2 done ===
BAM:            /rsstu/users/r/rrellan/CERCA-Cold/PTxB73xBRBseq/starsolo/pool_2/Aligned.sortedByCoord.out.bam
UMI matrix:     /rsstu/users/r/rrellan/CERCA-Cold/PTxB73xBRBseq/starsolo/pool_2/Solo.out/Gene/raw/umiDedup-1MM_Directional.mtx
Raw matrix:     /rsstu/users/r/rrellan/CERCA-Cold/PTxB73xBRBseq/starsolo/pool_2/Solo.out/Gene/raw/umiDedup-NoDedup.mtx
Barcodes:       /rsstu/users/r/rrellan/CERCA-Cold/PTxB73xBRBseq/starsolo/pool_2/Solo.out/Gene/raw/barcodes.tsv
Features:       /rsstu/users/r/rrellan/CERCA-Cold/PTxB73xBRBseq/starsolo/pool_2/Solo.out/Gene/raw/features.tsv
Alignment log:  /rsstu/users/r/rrellan/CERCA-Cold/PTxB73xBRBseq/starsolo/pool_2/Log.final.out

------------------------------------------------------------
Resource usage summary:

    Job ID            : 986673
    Job name          : 03_STARsolo_per_pool.sh
    User / Account    : zglover / dssrwksp_cpu
    Partition / QOS   : compute / normal
    Submitted         : 2026-09-29T09:29:24
    Started           : 2026-09-29T09:29:37
    Wait time         : 13 sec
    Elapsed (wall)    : 00:51:31
    Nodes             : 1 (c200n08)
    CPUs allocated    : 16
    Tasks             : 1
    CPU time (total)  : 26170.27 sec  (user 25671.32, sys 498.97)
    CPU efficiency    : 52.9%
    Memory in use     : 76.00 GB  (sampled at job end; see seff for peak)
    Memory requested  : 80G
    Working directory : /rsstu/users/r/rrellan/CERCA-Cold/PTxB73xBRBseq
    Exit code         : 0:0

    For final accounting (Slurm's MaxRSS, billing, etc.):  seff 986673
------------------------------------------------------------
