2.7.11b
=== STARsolo pool 1 ===
R1:        /rsstu/users/r/rrellan/CERCA-Cold/PTxB73xBRBseq/trimmed/pool_1_R1.fastq.gz  (14G)
R2:        /rsstu/users/r/rrellan/CERCA-Cold/PTxB73xBRBseq/trimmed/pool_1_R2.fastq.gz  (18G)
Whitelist: /rsstu/users/r/rrellan/CERCA-Cold/PTxB73xBRBseq/data/starsolo/barcode_whitelist.txt  (96 barcodes)
Index:     /rsstu/users/r/rrellan/sara/ref/STAR_index
Output:    /rsstu/users/r/rrellan/CERCA-Cold/PTxB73xBRBseq/starsolo/pool_1/

	/usr/local/usrapps/maize/zglover/brbseq_environment/env/bin/STAR-avx2 --runMode alignReads --runThreadN 16 --genomeDir /rsstu/users/r/rrellan/sara/ref/STAR_index --readFilesIn /rsstu/users/r/rrellan/CERCA-Cold/PTxB73xBRBseq/trimmed/pool_1_R2.fastq.gz /rsstu/users/r/rrellan/CERCA-Cold/PTxB73xBRBseq/trimmed/pool_1_R1.fastq.gz --readFilesCommand zcat --soloType CB_UMI_Simple --soloCBwhitelist /rsstu/users/r/rrellan/CERCA-Cold/PTxB73xBRBseq/data/starsolo/barcode_whitelist.txt --soloCBstart 1 --soloCBlen 14 --soloUMIstart 15 --soloUMIlen 14 --soloBarcodeReadLength 0 --soloCBmatchWLtype 1MM --soloUMIdedup 1MM_Directional NoDedup --soloStrand Forward --soloCellFilter None --clipAdapterType CellRanger4 --outFilterMultimapNmax 1 --outFilterIntronMotifs None --outSAMmapqUnique 60 --outSAMunmapped Within --outSAMmultNmax 1 --outSAMtype BAM SortedByCoordinate --outBAMsortingThreadN 1 --outBAMsortingBinsN 50 --outSAMattributes NH HI nM AS CR UR CB UB GX GN sS sQ sM --limitBAMsortRAM 90000000000 --outFileNamePrefix /rsstu/users/r/rrellan/CERCA-Cold/PTxB73xBRBseq/starsolo/pool_1/
	STAR version: 2.7.11b   compiled: 2025-11-14T12:06:42+0000 :/opt/conda/conda-bld/star_1763121846936/work/source
Oct 02 12:27:06 ..... started STAR run
Oct 02 12:27:06 ..... loading genome
Oct 02 12:28:01 ..... started mapping
Oct 02 12:49:32 ..... finished mapping
Oct 02 12:49:32 ..... started Solo counting
Oct 02 12:52:42 ..... finished Solo counting
Oct 02 12:52:42 ..... started sorting BAM
Oct 02 13:12:47 ..... finished successfully

=== pool 1 done ===
BAM:            /rsstu/users/r/rrellan/CERCA-Cold/PTxB73xBRBseq/starsolo/pool_1/Aligned.sortedByCoord.out.bam
UMI matrix:     /rsstu/users/r/rrellan/CERCA-Cold/PTxB73xBRBseq/starsolo/pool_1/Solo.out/Gene/raw/umiDedup-1MM_Directional.mtx
Raw matrix:     /rsstu/users/r/rrellan/CERCA-Cold/PTxB73xBRBseq/starsolo/pool_1/Solo.out/Gene/raw/umiDedup-NoDedup.mtx
Barcodes:       /rsstu/users/r/rrellan/CERCA-Cold/PTxB73xBRBseq/starsolo/pool_1/Solo.out/Gene/raw/barcodes.tsv
Features:       /rsstu/users/r/rrellan/CERCA-Cold/PTxB73xBRBseq/starsolo/pool_1/Solo.out/Gene/raw/features.tsv
Alignment log:  /rsstu/users/r/rrellan/CERCA-Cold/PTxB73xBRBseq/starsolo/pool_1/Log.final.out

------------------------------------------------------------
Resource usage summary:

    Job ID            : 1035558
    Job name          : starsolo_p1
    User / Account    : zglover / dssrwksp_cpu
    Partition / QOS   : compute / normal
    Submitted         : 2026-10-02T09:56:41
    Started           : 2026-10-02T12:26:57
    Wait time         : 9016 sec
    Elapsed (wall)    : 00:46:00
    Nodes             : 1 (c021n03)
    CPUs allocated    : 16
    Tasks             : 1
    CPU time (total)  : 21160.34 sec  (user 20709.22, sys 451.13)
    CPU efficiency    : 47.9%
    Memory in use     : 120.00 GB  (sampled at job end; see seff for peak)
    Memory requested  : 120G
    Working directory : /rsstu/users/r/rrellan/CERCA-Cold/PTxB73xBRBseq
    Exit code         : 0:0

    For final accounting (Slurm's MaxRSS, billing, etc.):  seff 1035558
------------------------------------------------------------
