2.7.11b
=== STARsolo pool 3 ===
R1:        /rsstu/users/r/rrellan/CERCA-Cold/PTxB73xBRBseq/trimmed/pool_3_R1.fastq.gz  (30G)
R2:        /rsstu/users/r/rrellan/CERCA-Cold/PTxB73xBRBseq/trimmed/pool_3_R2.fastq.gz  (38G)
Whitelist: /rsstu/users/r/rrellan/CERCA-Cold/PTxB73xBRBseq/data/starsolo/barcode_whitelist.txt  (96 barcodes)
Index:     /rsstu/users/r/rrellan/sara/ref/STAR_index
Output:    /rsstu/users/r/rrellan/CERCA-Cold/PTxB73xBRBseq/starsolo/pool_3/

	/usr/local/usrapps/maize/zglover/brbseq_environment/env/bin/STAR-avx2 --runMode alignReads --runThreadN 16 --genomeDir /rsstu/users/r/rrellan/sara/ref/STAR_index --readFilesIn /rsstu/users/r/rrellan/CERCA-Cold/PTxB73xBRBseq/trimmed/pool_3_R2.fastq.gz /rsstu/users/r/rrellan/CERCA-Cold/PTxB73xBRBseq/trimmed/pool_3_R1.fastq.gz --readFilesCommand zcat --soloType CB_UMI_Simple --soloCBwhitelist /rsstu/users/r/rrellan/CERCA-Cold/PTxB73xBRBseq/data/starsolo/barcode_whitelist.txt --soloCBstart 1 --soloCBlen 14 --soloUMIstart 15 --soloUMIlen 14 --soloBarcodeReadLength 0 --soloCBmatchWLtype 1MM --soloUMIdedup 1MM_Directional NoDedup --soloStrand Forward --soloCellFilter None --clipAdapterType CellRanger4 --outFilterMultimapNmax 1 --outFilterIntronMotifs None --outSAMmapqUnique 60 --outSAMunmapped Within --outSAMmultNmax 1 --outSAMtype BAM SortedByCoordinate --outBAMsortingThreadN 1 --outBAMsortingBinsN 4 --outSAMattributes NH HI nM AS CR UR CB UB GX GN sS sQ sM --limitBAMsortRAM 70000000000 --outFileNamePrefix /rsstu/users/r/rrellan/CERCA-Cold/PTxB73xBRBseq/starsolo/pool_3/
	STAR version: 2.7.11b   compiled: 2025-11-14T12:06:42+0000 :/opt/conda/conda-bld/star_1763121846936/work/source
Sep 29 13:33:13 ..... started STAR run
Sep 29 13:33:13 ..... loading genome
Sep 29 13:34:04 ..... started mapping
Sep 29 15:02:48 ..... finished mapping
Sep 29 15:02:49 ..... started Solo counting
Sep 29 15:12:12 ..... finished Solo counting
Sep 29 15:12:12 ..... started sorting BAM

EXITING because of fatal ERROR: not enough memory for BAM sorting: 
SOLUTION: re-run STAR with at least --limitBAMsortRAM 96951388771
Sep 29 15:12:12 ...... FATAL ERROR, exiting

------------------------------------------------------------
Resource usage summary:

    Job ID            : 987365
    Job name          : starsolo_p3
    User / Account    : zglover / dssrwksp_cpu
    Partition / QOS   : compute / normal
    Submitted         : 2026-09-29T10:50:46
    Started           : 2026-09-29T13:33:04
    Wait time         : 9738 sec
    Elapsed (wall)    : 01:39:09
    Nodes             : 1 (c202n08)
    CPUs allocated    : 16
    Tasks             : 1
    CPU time (total)  : 83541.46 sec  (user 82811.97, sys 729.50)
    CPU efficiency    : 87.8%
    Memory in use     : 102.29 GB  (sampled at job end; see seff for peak)
    Memory requested  : 120G
    Working directory : /rsstu/users/r/rrellan/CERCA-Cold/PTxB73xBRBseq
    Exit code         : 0:0

    For final accounting (Slurm's MaxRSS, billing, etc.):  seff 987365
------------------------------------------------------------
