2.7.11b
=== STARsolo pool 3 ===
R1:        /rsstu/users/r/rrellan/CERCA-Cold/PTxB73xBRBseq/trimmed/pool_3_R1.fastq.gz  (30G)
R2:        /rsstu/users/r/rrellan/CERCA-Cold/PTxB73xBRBseq/trimmed/pool_3_R2.fastq.gz  (38G)
Whitelist: /rsstu/users/r/rrellan/CERCA-Cold/PTxB73xBRBseq/data/starsolo/barcode_whitelist.txt  (96 barcodes)
Index:     /rsstu/users/r/rrellan/sara/ref/STAR_index
Output:    /rsstu/users/r/rrellan/CERCA-Cold/PTxB73xBRBseq/starsolo/pool_3/

	/usr/local/usrapps/maize/zglover/brbseq_environment/env/bin/STAR-avx2 --runMode alignReads --runThreadN 16 --genomeDir /rsstu/users/r/rrellan/sara/ref/STAR_index --readFilesIn /rsstu/users/r/rrellan/CERCA-Cold/PTxB73xBRBseq/trimmed/pool_3_R2.fastq.gz /rsstu/users/r/rrellan/CERCA-Cold/PTxB73xBRBseq/trimmed/pool_3_R1.fastq.gz --readFilesCommand zcat --soloType CB_UMI_Simple --soloCBwhitelist /rsstu/users/r/rrellan/CERCA-Cold/PTxB73xBRBseq/data/starsolo/barcode_whitelist.txt --soloCBstart 1 --soloCBlen 14 --soloUMIstart 15 --soloUMIlen 14 --soloBarcodeReadLength 0 --soloCBmatchWLtype 1MM --soloUMIdedup 1MM_Directional NoDedup --soloStrand Forward --soloCellFilter None --clipAdapterType CellRanger4 --outFilterMultimapNmax 1 --outFilterIntronMotifs None --outSAMmapqUnique 60 --outSAMunmapped Within --outSAMmultNmax 1 --outSAMtype BAM SortedByCoordinate --outBAMsortingThreadN 1 --outBAMsortingBinsN 50 --outSAMattributes NH HI nM AS CR UR CB UB GX GN sS sQ sM --limitBAMsortRAM 90000000000 --outFileNamePrefix /rsstu/users/r/rrellan/CERCA-Cold/PTxB73xBRBseq/starsolo/pool_3/
	STAR version: 2.7.11b   compiled: 2025-11-14T12:06:42+0000 :/opt/conda/conda-bld/star_1763121846936/work/source
Oct 02 13:13:29 ..... started STAR run
Oct 02 13:13:29 ..... loading genome
Oct 02 13:14:08 ..... started mapping
Oct 02 14:20:42 ..... finished mapping
Oct 02 14:20:43 ..... started Solo counting
Oct 02 14:28:26 ..... finished Solo counting
Oct 02 14:28:26 ..... started sorting BAM
Oct 02 15:14:28 ..... finished successfully

=== pool 3 done ===
BAM:            /rsstu/users/r/rrellan/CERCA-Cold/PTxB73xBRBseq/starsolo/pool_3/Aligned.sortedByCoord.out.bam
UMI matrix:     /rsstu/users/r/rrellan/CERCA-Cold/PTxB73xBRBseq/starsolo/pool_3/Solo.out/Gene/raw/umiDedup-1MM_Directional.mtx
Raw matrix:     /rsstu/users/r/rrellan/CERCA-Cold/PTxB73xBRBseq/starsolo/pool_3/Solo.out/Gene/raw/umiDedup-NoDedup.mtx
Barcodes:       /rsstu/users/r/rrellan/CERCA-Cold/PTxB73xBRBseq/starsolo/pool_3/Solo.out/Gene/raw/barcodes.tsv
Features:       /rsstu/users/r/rrellan/CERCA-Cold/PTxB73xBRBseq/starsolo/pool_3/Solo.out/Gene/raw/features.tsv
Alignment log:  /rsstu/users/r/rrellan/CERCA-Cold/PTxB73xBRBseq/starsolo/pool_3/Log.final.out

------------------------------------------------------------
Resource usage summary:

    Job ID            : 1035559
    Job name          : starsolo_p3
    User / Account    : zglover / dssrwksp_cpu
    Partition / QOS   : compute / normal
    Submitted         : 2026-10-02T09:56:41
    Started           : 2026-10-02T13:13:26
    Wait time         : 11805 sec
    Elapsed (wall)    : 02:01:16
    Nodes             : 1 (c021n03)
    CPUs allocated    : 16
    Tasks             : 1
    CPU time (total)  : 64996.52 sec  (user 63974.55, sys 1021.98)
    CPU efficiency    : 55.8%
    Memory in use     : 120.00 GB  (sampled at job end; see seff for peak)
    Memory requested  : 120G
    Working directory : /rsstu/users/r/rrellan/CERCA-Cold/PTxB73xBRBseq
    Exit code         : 0:0

    For final accounting (Slurm's MaxRSS, billing, etc.):  seff 1035559
------------------------------------------------------------
