Running FastQC on trimmed reads...
Running MultiQC...
==========================================
FastQC and MultiQC completed!
MultiQC report:
/rsstu/users/r/rrellan/CERCA-Cold/PTxB73xBRBseq/QC/multiqc_after_trimming/MultiQC_trimmed_pools.html
==========================================

------------------------------------------------------------
Resource usage summary:

    Job ID            : 917996
    Job name          : multiqc_trimmed
    User / Account    : zglover / dssrwksp_cpu
    Partition / QOS   : compute / normal
    Submitted         : 2026-09-22T10:46:51
    Started           : 2026-09-22T10:47:21
    Wait time         : 30 sec
    Elapsed (wall)    : 00:00:02
    Nodes             : 1 (c203n06)
    CPUs allocated    : 8
    Tasks             : 1
    CPU time (total)  : 0.76 sec  (user 0.61, sys 0.16)
    CPU efficiency    : 4.8%
    Memory in use     : 51.80 MB  (sampled at job end; see seff for peak)
    Memory requested  : 16G
    Working directory : /rsstu/users/r/rrellan/CERCA-Cold/PTxB73xBRBseq/scripts
    Exit code         : 0:0

    For final accounting (Slurm's MaxRSS, billing, etc.):  seff 917996
------------------------------------------------------------
