==========================================
FastQC - Pool 2
==========================================
FastQC:
/rsstu/users/r/rrellan/sara/nirwan_backup/ntanduk/seqanal/bin/fastqc
FastQC v0.12.1
R1: /rsstu/users/r/rrellan/CERCA-Cold/PTxB73xBRBseq/trimmed/pool_2_R1.fastq.gz
R2: /rsstu/users/r/rrellan/CERCA-Cold/PTxB73xBRBseq/trimmed/pool_2_R2.fastq.gz
Running FastQC...
application/gzip
application/gzip
Analysis complete for pool_2_R1.fastq.gz
Analysis complete for pool_2_R2.fastq.gz
==========================================
FastQC completed for Pool 2
Output directory:
/rsstu/users/r/rrellan/CERCA-Cold/PTxB73xBRBseq/QC/after_trimming
==========================================

------------------------------------------------------------
Resource usage summary:

    Job ID            : 920363
    Job name          : fastqc_pool
    User / Account    : zglover / dssrwksp_cpu
    Partition / QOS   : compute / normal
    Submitted         : 2026-09-22T14:29:40
    Started           : 2026-09-22T14:58:30
    Wait time         : 1730 sec
    Elapsed (wall)    : 00:26:26
    Nodes             : 1 (c026n01)
    CPUs allocated    : 8
    Tasks             : 1
    CPU time (total)  : 2679.64 sec  (user 2649.38, sys 30.28)
    CPU efficiency    : 21.1%
    Memory in use     : 15.20 GB  (sampled at job end; see seff for peak)
    Memory requested  : 16G
    Working directory : /rsstu/users/r/rrellan/CERCA-Cold/PTxB73xBRBseq
    Exit code         : 0:0

    For final accounting (Slurm's MaxRSS, billing, etc.):  seff 920363
------------------------------------------------------------
