==========================================
FastQC - Pool 2
==========================================
FastQC:
/rsstu/users/r/rrellan/sara/nirwan_backup/ntanduk/seqanal/bin/fastqc
FastQC v0.12.1
R1: /rsstu/users/r/rrellan/CERCA-Cold/01_Incoming/Novogene_B73xPT_Cold/X202SC26083653-Z01-F001/01.RawData/PT_B73_Cold_P2/PT_B73_Cold_P2_WKDL260013279-1A_253MY2LT4_L1_1.fq.gz
R2: /rsstu/users/r/rrellan/CERCA-Cold/01_Incoming/Novogene_B73xPT_Cold/X202SC26083653-Z01-F001/01.RawData/PT_B73_Cold_P2/PT_B73_Cold_P2_WKDL260013279-1A_253MY2LT4_L1_2.fq.gz
Running FastQC...
application/gzip
application/gzip
Analysis complete for PT_B73_Cold_P2_WKDL260013279-1A_253MY2LT4_L1_1.fq.gz
Analysis complete for PT_B73_Cold_P2_WKDL260013279-1A_253MY2LT4_L1_2.fq.gz
==========================================
FastQC completed for Pool 2
Output directory:
/rsstu/users/r/rrellan/CERCA-Cold/PTxB73xBRBseq/QC/raw_trimming
==========================================

------------------------------------------------------------
Resource usage summary:

    Job ID            : 972798
    Job name          : fastqc_pool
    User / Account    : zglover / dssrwksp_cpu
    Partition / QOS   : compute / normal
    Submitted         : 2026-09-28T09:19:54
    Started           : 2026-09-28T09:19:55
    Wait time         : 1 sec
    Elapsed (wall)    : 00:40:58
    Nodes             : 1 (c200n06)
    CPUs allocated    : 8
    Tasks             : 1
    CPU time (total)  : 4759.91 sec  (user 4666.80, sys 93.12)
    CPU efficiency    : 24.2%
    Memory in use     : 15.20 GB  (sampled at job end; see seff for peak)
    Memory requested  : 16G
    Working directory : /rsstu/users/r/rrellan/CERCA-Cold/PTxB73xBRBseq
    Exit code         : 0:0

    For final accounting (Slurm's MaxRSS, billing, etc.):  seff 972798
------------------------------------------------------------
