==========================================
FastQC - Pool 4
==========================================
FastQC:
/rsstu/users/r/rrellan/sara/nirwan_backup/ntanduk/seqanal/bin/fastqc
FastQC v0.12.1
R1: /rsstu/users/r/rrellan/CERCA-Cold/01_Incoming/Novogene_B73xPT_Cold/X202SC26083653-Z01-F001/01.RawData/PT_B73_Cold_P4/PT_B73_Cold_P4_WKDL260013279-1A_253MY2LT4_L1_1.fq.gz
R2: /rsstu/users/r/rrellan/CERCA-Cold/01_Incoming/Novogene_B73xPT_Cold/X202SC26083653-Z01-F001/01.RawData/PT_B73_Cold_P4/PT_B73_Cold_P4_WKDL260013279-1A_253MY2LT4_L1_2.fq.gz
Running FastQC...
application/gzip
application/gzip
Analysis complete for PT_B73_Cold_P4_WKDL260013279-1A_253MY2LT4_L1_2.fq.gz
Analysis complete for PT_B73_Cold_P4_WKDL260013279-1A_253MY2LT4_L1_1.fq.gz
==========================================
FastQC completed for Pool 4
Output directory:
/rsstu/users/r/rrellan/CERCA-Cold/PTxB73xBRBseq/QC/raw_trimming
==========================================

------------------------------------------------------------
Resource usage summary:

    Job ID            : 1034957
    Job name          : fastqc_pool
    User / Account    : zglover / dssrwksp_cpu
    Partition / QOS   : compute / normal
    Submitted         : 2026-10-02T09:21:06
    Started           : 2026-10-02T09:21:10
    Wait time         : 4 sec
    Elapsed (wall)    : 04:00:03
    Nodes             : 1 (c205n14)
    CPUs allocated    : 8
    Tasks             : 1
    CPU time (total)  : 27985.50 sec  (user 27425.87, sys 559.64)
    CPU efficiency    : 24.3%
    Memory in use     : 16.00 GB  (sampled at job end; see seff for peak)
    Memory requested  : 16G
    Working directory : /rsstu/users/r/rrellan/CERCA-Cold/PTxB73xBRBseq
    Exit code         : 0:0

    For final accounting (Slurm's MaxRSS, billing, etc.):  seff 1034957
------------------------------------------------------------
