==========================================
FastQC - Pool 1
==========================================
FastQC:
/rsstu/users/r/rrellan/sara/nirwan_backup/ntanduk/seqanal/bin/fastqc
FastQC v0.12.1
R1: /rsstu/users/r/rrellan/CERCA-Cold/01_Incoming/Novogene_B73xPT_Cold/X202SC26083653-Z01-F001/01.RawData/PT_B73_Cold_P1/PT_B73_Cold_P1_WKDL260013279-1A_253MY2LT4_L1_1.fq.gz
R2: /rsstu/users/r/rrellan/CERCA-Cold/01_Incoming/Novogene_B73xPT_Cold/X202SC26083653-Z01-F001/01.RawData/PT_B73_Cold_P1/PT_B73_Cold_P1_WKDL260013279-1A_253MY2LT4_L1_2.fq.gz
Running FastQC...
application/gzip
application/gzip
Analysis complete for PT_B73_Cold_P1_WKDL260013279-1A_253MY2LT4_L1_1.fq.gz
Analysis complete for PT_B73_Cold_P1_WKDL260013279-1A_253MY2LT4_L1_2.fq.gz
==========================================
FastQC completed for Pool 1
Output directory:
/rsstu/users/r/rrellan/CERCA-Cold/PTxB73xBRBseq/QC/raw_trimming
==========================================

------------------------------------------------------------
Resource usage summary:

    Job ID            : 1018482
    Job name          : fastqc_pool
    User / Account    : zglover / dssrwksp_cpu
    Partition / QOS   : compute / normal
    Submitted         : 2026-10-01T15:31:23
    Started           : 2026-10-01T15:31:32
    Wait time         : 9 sec
    Elapsed (wall)    : 00:47:23
    Nodes             : 1 (c207n01)
    CPUs allocated    : 8
    Tasks             : 1
    CPU time (total)  : 5484.52 sec  (user 5375.96, sys 108.57)
    CPU efficiency    : 24.1%
    Memory in use     : 16.00 GB  (sampled at job end; see seff for peak)
    Memory requested  : 16G
    Working directory : /rsstu/users/r/rrellan/CERCA-Cold/PTxB73xBRBseq
    Exit code         : 0:0

    For final accounting (Slurm's MaxRSS, billing, etc.):  seff 1018482
------------------------------------------------------------
