=== Trimmomatic PE for pool 1 ===
adapter file:    /usr/local/usrapps/maize/zglover/brbseq_environment/env/share/trimmomatic-0.41-0/adapters/NexteraPE-PE.fa
R1 in:           /rsstu/users/r/rrellan/CERCA-Cold/01_Incoming/Novogene_B73xPT_Cold/X202SC26083653-Z01-F001/01.RawData/PT_B73_Cold_P1/PT_B73_Cold_P1_WKDL260013279-1A_253MY2LT4_L1_1.fq.gz  (27G)
R2 in:           /rsstu/users/r/rrellan/CERCA-Cold/01_Incoming/Novogene_B73xPT_Cold/X202SC26083653-Z01-F001/01.RawData/PT_B73_Cold_P1/PT_B73_Cold_P1_WKDL260013279-1A_253MY2LT4_L1_2.fq.gz  (24G)
R1 out:          /rsstu/users/r/rrellan/CERCA-Cold/PTxB73xBRBseq/trimmed/pool_1_R1.fastq.gz
R2 out:          /rsstu/users/r/rrellan/CERCA-Cold/PTxB73xBRBseq/trimmed/pool_1_R2.fastq.gz
Picked up _JAVA_OPTIONS: -Xmx28g
TrimmomaticPE: Started with arguments:
 -threads 16 -phred33 /rsstu/users/r/rrellan/CERCA-Cold/01_Incoming/Novogene_B73xPT_Cold/X202SC26083653-Z01-F001/01.RawData/PT_B73_Cold_P1/PT_B73_Cold_P1_WKDL260013279-1A_253MY2LT4_L1_1.fq.gz /rsstu/users/r/rrellan/CERCA-Cold/01_Incoming/Novogene_B73xPT_Cold/X202SC26083653-Z01-F001/01.RawData/PT_B73_Cold_P1/PT_B73_Cold_P1_WKDL260013279-1A_253MY2LT4_L1_2.fq.gz /rsstu/users/r/rrellan/CERCA-Cold/PTxB73xBRBseq/trimmed/pool_1_R1.fastq.gz /rsstu/users/r/rrellan/CERCA-Cold/PTxB73xBRBseq/trimmed/pool_1_R1.unpaired.fastq.gz /rsstu/users/r/rrellan/CERCA-Cold/PTxB73xBRBseq/trimmed/pool_1_R2.fastq.gz /rsstu/users/r/rrellan/CERCA-Cold/PTxB73xBRBseq/trimmed/pool_1_R2.unpaired.fastq.gz ILLUMINACLIP:/usr/local/usrapps/maize/zglover/brbseq_environment/env/share/trimmomatic-0.41-0/adapters/NexteraPE-PE.fa:2:30:10 LEADING:3 TRAILING:3 SLIDINGWINDOW:4:15 MINLEN:28
ILLUMINACLIP: Using adapter file from user-specified absolute path: /usr/local/usrapps/maize/zglover/brbseq_environment/env/share/trimmomatic-0.41-0/adapters/NexteraPE-PE.fa
Using PrefixPair: 'AGATGTGTATAAGAGACAG' and 'AGATGTGTATAAGAGACAG'
Using Long Clipping Sequence: 'GTCTCGTGGGCTCGGAGATGTGTATAAGAGACAG'
Using Long Clipping Sequence: 'TCGTCGGCAGCGTCAGATGTGTATAAGAGACAG'
Using Long Clipping Sequence: 'CTGTCTCTTATACACATCTCCGAGCCCACGAGAC'
Using Long Clipping Sequence: 'CTGTCTCTTATACACATCTGACGCTGCCGACGA'
ILLUMINACLIP: Using 1 prefix pairs, 4 forward/reverse sequences, 0 forward only sequences, 0 reverse only sequences
Input Read Pairs: 353099734 Both Surviving: 308558834 (87.39%) Forward Only Surviving: 24754307 (7.01%) Reverse Only Surviving: 18301736 (5.18%) Dropped: 1484857 (0.42%)
TrimmomaticPE: Completed successfully

=== pool 1 trim done ===
-rw-rw----+ 1 zglover oit-rsrch-rrellan-cerca-cold 14091118071 Sep 23 12:42 /rsstu/users/r/rrellan/CERCA-Cold/PTxB73xBRBseq/trimmed/pool_1_R1.fastq.gz
-rw-rw----+ 1 zglover oit-rsrch-rrellan-cerca-cold 18983789821 Sep 23 12:42 /rsstu/users/r/rrellan/CERCA-Cold/PTxB73xBRBseq/trimmed/pool_1_R2.fastq.gz

Summary lines from log:
Input Read Pairs: 353099734 Both Surviving: 308558834 (87.39%) Forward Only Surviving: 24754307 (7.01%) Reverse Only Surviving: 18301736 (5.18%) Dropped: 1484857 (0.42%)

------------------------------------------------------------
Resource usage summary:

    Job ID            : 928934
    Job name          : trim_pool
    User / Account    : zglover / dssrwksp_cpu
    Partition / QOS   : compute / normal
    Submitted         : 2026-09-23T11:44:02
    Started           : 2026-09-23T11:57:41
    Wait time         : 819 sec
    Elapsed (wall)    : 00:44:20
    Nodes             : 1 (c026n02)
    CPUs allocated    : 16
    Tasks             : 1
    CPU time (total)  : 28166.93 sec  (user 28025.11, sys 141.83)
    CPU efficiency    : 66.2%
    Memory in use     : 30.40 GB  (sampled at job end; see seff for peak)
    Memory requested  : 32G
    Working directory : /rsstu/users/r/rrellan/CERCA-Cold/PTxB73xBRBseq
    Exit code         : 0:0

    For final accounting (Slurm's MaxRSS, billing, etc.):  seff 928934
------------------------------------------------------------
