
------------------------------------------------------------
Resource usage summary:

    Job ID            : 931344
    Job name          : trim_pool
    User / Account    : zglover / dssrwksp_cpu
    Partition / QOS   : compute / normal
    Submitted         : 2026-09-23T14:56:27
    Started           : 2026-09-23T15:02:55
    Wait time         : 388 sec
    Elapsed (wall)    : 00:00:02
    Nodes             : 1 (c205n03)
    CPUs allocated    : 16
    Tasks             : 1
    CPU time (total)  : 0.07 sec  (user 0.02, sys 0.06)
    CPU efficiency    : 0.2%
    Memory in use     : 3.96 MB  (sampled at job end; see seff for peak)
    Memory requested  : 32G
    Working directory : /rsstu/users/r/rrellan/CERCA-Cold/PTxB73xBRBseq
    Exit code         : 0:0

    For final accounting (Slurm's MaxRSS, billing, etc.):  seff 931344
------------------------------------------------------------
